Notation_Tptr_1 = {t: ptr<bool>}
     : type
Notation_Tptr_2 = {t: ptr<{?: ty}>}
     : type
Notation_Tref_1 = {t: ref&<bool>}
     : type
Notation_Tref_2 = {t: ref&<{?: ty}>}
     : type
Notation_Trv_ref_1 = {t: ref&&<bool>}
     : type
Notation_Trv_ref_2 = {t: ref&&<{?: ty}>}
     : type
Notation_Tref_Trv_ref = {t: ref&<ref&&<{?: ty}>>}
     : type
Notation_Trv_ref_Tref = {t: ref&&<ref&<{?: ty}>>}
     : type
Notation_void = {t: void}
     : type
Notation_Tarray_1 = {t: nullptr_t[100]}
     : type
Notation_Tarray_2 = {t: {?: ty}[n]}
     : type
Notation_Tnamed_1 = {t: "foobarbaz"}
     : type
Notation_Tnamed_2 = {t: nm}
     : type
Notation_Tfunction_novariadic_noargs_1 = 
{t: extern CC_C ???() -> void}
     : type
Notation_Tfunction_novariadic_noargs_2 = 
{t: extern CC_C ???() -> {?: rty}}
     : type
Notation_Tfunction_novariadic_args_nowrap_1 = 
{t: extern CC_C ???(bool, nullptr_t) -> void}
     : type
Notation_Tfunction_novariadic_args_nowrap_2 = 
{t: extern CC_C ???({?: aty1}, void, {?: aty2}) -> {?: rty}}
     : type
Notation_Tfunction_novariadic_args_wrap = 
{t: extern CC_C ???("askldjfo;lasjdlkfj;aklsdjg;blkajl;ksdjfl;aksdjf;lkasjdf;lkajsd;lfkjas;dlkfj;alskdjf;kalsdjf;lk",
                    "askldjflk;ajsdkl;gjasdklgjakl;sdjgl;kasdjfl;kjasdlfhajklsdgljkasdhfgjkahsdfljk") -> void}
     : type
Notation_Tfunction_variadic_noargs_1 = 
{t: extern CC_C ???()(...) -> void}
     : type
Notation_Tfunction_variadic_noargs_2 = 
{t: extern CC_C ???()(...) -> {?: rty}}
     : type
Notation_Tfunction_variadic_args_nowrap_1 = 
{t: extern CC_C ???(bool, nullptr_t)(...) -> void}
     : type
Notation_Tfunction_variadic_args_nowrap_2 = 
{t: extern CC_C ???({?: aty1}, void, {?: aty2})(...) -> {?: rty}}
     : type
Notation_Tfunction_variadic_args_wrap = 
{t: extern CC_C ???("askldjfo;lasjdlkfj;aklsdjg;blkajl;ksdjfl;aksdjf;lkasjdf;lkajsd;lfkjas;dlkfj;alskdjf;kalsdjf;lk",
                    "askldjflk;ajsdkl;gjasdklgjakl;sdjgl;kasdjfl;kjasdlfhajklsdgljkasdhfgjkahsdfljk")(...) -> void}
     : type
Notation_Tbool = {t: bool}
     : type
Notation_Tmember_pointer_1 = {t: ptr["foobarbaz"]<int8>}
     : type
Notation_mut_1 = {t: mut bool}
     : type
Notation_mut_2 = {t: mut mut bool}
     : type
Notation_const_1 = {t: const bool}
     : type
Notation_const_2 = {t: const ptr<const void>}
     : type
Notation_volatile_1 = {t: volatile bool}
     : type
Notation_volatile_2 = {t: volatile ptr<const void>}
     : type
Notation_const_volatile_1 = {t: const volatile bool}
     : type
Notation_const_volatile_2 = 
{t: const volatile ptr<const volatile void>}
     : type
